#-----------------------------------------------------------
# Vivado v2018.2 (64-bit)
# SW Build 2258646 on Thu Jun 14 20:03:12 MDT 2018
# IP Build 2256618 on Thu Jun 14 22:10:49 MDT 2018
# Start of session at: Fri Mar 27 20:05:35 2020
# Process ID: 10680
# Current directory: C:/Users/26012/Desktop/EE2026-master
# Command line: vivado.exe -gui_launcher_event rodinguilauncherevent14756 C:\Users\26012\Desktop\EE2026-master\SoundDisplay.xpr
# Log file: C:/Users/26012/Desktop/EE2026-master/vivado.log
# Journal file: C:/Users/26012/Desktop/EE2026-master\vivado.jou
#-----------------------------------------------------------
start_gui
open_project C:/Users/26012/Desktop/EE2026-master/SoundDisplay.xpr
update_compile_order -fileset sources_1
close [ open C:/Users/26012/Desktop/EE2026-master/SoundDisplay.srcs/sources_1/new/mic_basic.v w ]
add_files C:/Users/26012/Desktop/EE2026-master/SoundDisplay.srcs/sources_1/new/mic_basic.v
update_compile_order -fileset sources_1
update_compile_order -fileset sources_1
reset_run synth_1
launch_runs impl_1 -to_step write_bitstream -jobs 4
wait_on_run impl_1
reset_run synth_1
launch_runs impl_1 -to_step write_bitstream -jobs 4
wait_on_run impl_1
open_hw
connect_hw_server
open_hw_target
set_property PROGRAM.FILE {C:/Users/26012/Desktop/EE2026-master/SoundDisplay.runs/impl_1/Top_Student.bit} [get_hw_devices xc7a35t_0]
current_hw_device [get_hw_devices xc7a35t_0]
refresh_hw_device -update_hw_probes false [lindex [get_hw_devices xc7a35t_0] 0]
set_property PROBES.FILE {} [get_hw_devices xc7a35t_0]
set_property FULL_PROBES.FILE {} [get_hw_devices xc7a35t_0]
set_property PROGRAM.FILE {C:/Users/26012/Desktop/EE2026-master/SoundDisplay.runs/impl_1/Top_Student.bit} [get_hw_devices xc7a35t_0]
program_hw_devices [get_hw_devices xc7a35t_0]
refresh_hw_device [lindex [get_hw_devices xc7a35t_0] 0]
reset_run synth_1
launch_runs impl_1 -to_step write_bitstream -jobs 4
wait_on_run impl_1
reset_run synth_1
launch_runs impl_1 -to_step write_bitstream -jobs 4
wait_on_run impl_1
set_property PROBES.FILE {} [get_hw_devices xc7a35t_0]
set_property FULL_PROBES.FILE {} [get_hw_devices xc7a35t_0]
set_property PROGRAM.FILE {C:/Users/26012/Desktop/EE2026-master/SoundDisplay.runs/impl_1/Top_Student.bit} [get_hw_devices xc7a35t_0]
program_hw_devices [get_hw_devices xc7a35t_0]
refresh_hw_device [lindex [get_hw_devices xc7a35t_0] 0]
reset_run synth_1
launch_runs impl_1 -to_step write_bitstream -jobs 4
wait_on_run impl_1
set_property PROBES.FILE {} [get_hw_devices xc7a35t_0]
set_property FULL_PROBES.FILE {} [get_hw_devices xc7a35t_0]
set_property PROGRAM.FILE {C:/Users/26012/Desktop/EE2026-master/SoundDisplay.runs/impl_1/Top_Student.bit} [get_hw_devices xc7a35t_0]
program_hw_devices [get_hw_devices xc7a35t_0]
refresh_hw_device [lindex [get_hw_devices xc7a35t_0] 0]
reset_run synth_1
launch_runs impl_1 -to_step write_bitstream -jobs 4
wait_on_run impl_1
disconnect_hw_server localhost:3121
connect_hw_server
disconnect_hw_server localhost:3121
connect_hw_server
open_hw_target
set_property PROGRAM.FILE {C:/Users/26012/Desktop/EE2026-master/SoundDisplay.runs/impl_1/Top_Student.bit} [get_hw_devices xc7a35t_0]
current_hw_device [get_hw_devices xc7a35t_0]
refresh_hw_device -update_hw_probes false [lindex [get_hw_devices xc7a35t_0] 0]
set_property PROBES.FILE {} [get_hw_devices xc7a35t_0]
set_property FULL_PROBES.FILE {} [get_hw_devices xc7a35t_0]
set_property PROGRAM.FILE {C:/Users/26012/Desktop/EE2026-master/SoundDisplay.runs/impl_1/Top_Student.bit} [get_hw_devices xc7a35t_0]
program_hw_devices [get_hw_devices xc7a35t_0]
refresh_hw_device [lindex [get_hw_devices xc7a35t_0] 0]
